// Jest Snapshot v1, https://goo.gl/fbAQLP

exports[`Given <Topbar /> When it initializes Then should match the snapshot 1`] = `
<div>
  <header
    class="MuiPaper-root MuiAppBar-root MuiAppBar-positionStatic MuiAppBar-colorPrimary MuiPaper-elevation4"
  >
    <div
      class="MuiToolbar-root MuiToolbar-regular MuiToolbar-gutters"
    >
      <a
        href="/"
        style="text-decoration: none;"
      >
        <h6
          class="MuiTypography-root MuiTypography-h6"
        >
          Contacts Manager
        </h6>
      </a>
    </div>
  </header>
</div>
`;
