// Jest Snapshot v1, https://goo.gl/fbAQLP

exports[`Given <ContactDetailsContainer /> When it initializes Then should match the snapshot 1`] = `
<div>
  <div
    class="MuiPaper-root MuiCard-root makeStyles-root-1 MuiPaper-elevation1 MuiPaper-rounded"
  >
    <div
      class="MuiCardContent-root"
    >
      <div
        class="makeStyles-head-2"
      >
        <div
          class="MuiAvatar-root MuiAvatar-circle makeStyles-avatar-3 MuiAvatar-colorDefault"
        >
          L
        </div>
        <h3
          class="MuiTypography-root MuiTypography-h4"
        >
          Leanne Graham
        </h3>
      </div>
      <hr
        class="MuiDivider-root"
      />
      <div
        class="makeStyles-content-4"
      >
        <p
          class="MuiTypography-root MuiTypography-body1 MuiTypography-colorTextSecondary"
        >
          ID: 
          1
        </p>
        <div
          class="makeStyles-info-5"
        >
          <svg
            aria-hidden="true"
            class="MuiSvgIcon-root"
            focusable="false"
            role="presentation"
            viewBox="0 0 24 24"
          >
            <path
              d="M12 2C6.48 2 2 6.48 2 12s4.48 10 10 10 10-4.48 10-10S17.52 2 12 2zm0 3c1.66 0 3 1.34 3 3s-1.34 3-3 3-3-1.34-3-3 1.34-3 3-3zm0 14.2c-2.5 0-4.71-1.28-6-3.22.03-1.99 4-3.08 6-3.08 1.99 0 5.97 1.09 6 3.08-1.29 1.94-3.5 3.22-6 3.22z"
            />
          </svg>
          <p
            class="MuiTypography-root MuiTypography-body2"
          >
            Bret
          </p>
        </div>
        <div
          class="makeStyles-info-5"
        >
          <svg
            aria-hidden="true"
            class="MuiSvgIcon-root"
            focusable="false"
            role="presentation"
            viewBox="0 0 24 24"
          >
            <path
              d="M20 4H4c-1.1 0-1.99.9-1.99 2L2 18c0 1.1.9 2 2 2h16c1.1 0 2-.9 2-2V6c0-1.1-.9-2-2-2zm0 4l-8 5-8-5V6l8 5 8-5v2z"
            />
          </svg>
          <p
            class="MuiTypography-root MuiTypography-body2"
          >
            Sincere@april.biz
          </p>
        </div>
        <div
          class="makeStyles-info-5"
        >
          <svg
            aria-hidden="true"
            class="MuiSvgIcon-root"
            focusable="false"
            role="presentation"
            viewBox="0 0 24 24"
          >
            <path
              d="M6.62 10.79c1.44 2.83 3.76 5.14 6.59 6.59l2.2-2.2c.27-.27.67-.36 1.02-.24 1.12.37 2.33.57 3.57.57.55 0 1 .45 1 1V20c0 .55-.45 1-1 1-9.39 0-17-7.61-17-17 0-.55.45-1 1-1h3.5c.55 0 1 .45 1 1 0 1.25.2 2.45.57 3.57.11.35.03.74-.25 1.02l-2.2 2.2z"
            />
          </svg>
          <p
            class="MuiTypography-root MuiTypography-body2"
          >
            <a
              href="tel:1-770-736-8031 x56442"
            >
              1-770-736-8031 x56442
            </a>
          </p>
        </div>
        <div
          class="makeStyles-info-5"
        >
          <svg
            aria-hidden="true"
            class="MuiSvgIcon-root"
            focusable="false"
            role="presentation"
            viewBox="0 0 24 24"
          >
            <path
              d="M4.5 11h-2V9H1v6h1.5v-2.5h2V15H6V9H4.5v2zm2.5-.5h1.5V15H10v-4.5h1.5V9H7v1.5zm5.5 0H14V15h1.5v-4.5H17V9h-4.5v1.5zm9-1.5H18v6h1.5v-2h2c.8 0 1.5-.7 1.5-1.5v-1c0-.8-.7-1.5-1.5-1.5zm0 2.5h-2v-1h2v1z"
            />
          </svg>
          <p
            class="MuiTypography-root MuiTypography-body2"
          >
            <a
              href="//hildegard.org"
              target="_blank"
            >
              hildegard.org
            </a>
          </p>
        </div>
      </div>
    </div>
  </div>
</div>
`;
